[Errno 103] Software caused connection abort: 'd1'
