[Errno 107] Transport endpoint is not connected: 'mnt'
